// Jest Snapshot v1, https://goo.gl/fbAQLP

exports[`Renders static component with no props 1`] = `ShallowWrapper {}`;
