// Jest Snapshot v1, https://goo.gl/fbAQLP

exports[`Renders button component with props  1`] = `ShallowWrapper {}`;
