// Jest Snapshot v1, https://goo.gl/fbAQLP

exports[`Renders the component with two props 1`] = `ShallowWrapper {}`;
